33068::Godot_v4.4.1-stable_win64::08/09/2025 23:11:38
44372::Godot_v4.4.1-stable_win64::08/09/2025 23:12:29
44708::Godot_v4.4.1-stable_win64::08/09/2025 23:16:37
